---
http_interactions:
- request:
    method: get
    uri: https://dCr8xKB4ab0vZYaeokSKMrUffu326y683z7VJdri:tj1nqoPtBN65F0cTUaSih08v9p06kd515DGAoLQB@api.parse.com/1/classes/Post?where=%7B%7D
    body:
      encoding: US-ASCII
      string: ''
    headers:
      Accept:
      - ! '*/*; q=0.5, application/xml'
      Accept-Encoding:
      - gzip, deflate
      User-Agent:
      - Ruby
  response:
    status:
      code: 200
      message: OK
    headers:
      Cache-Control:
      - max-age=0, private, must-revalidate
      Content-Type:
      - application/json; charset=utf-8
      Date:
      - Tue, 04 Jun 2013 02:51:07 GMT
      Etag:
      - ! '"07615c6c69d1aa0c24431c1f746cfbe8"'
      Server:
      - nginx/1.2.2
      Set-Cookie:
      - _parse_session=BAh7BkkiD3Nlc3Npb25faWQGOgZFRiIlZDE4ZGE1YzE2Nzg3YTBmNmFkNzRmMTBjNjliNTAwNjE%3D--f27df9fd2db3dd206d80fa832ba1a29bee6577ab;
        domain=.parse.com; path=/; expires=Sun, 04-Jun-2023 02:51:07 GMT; secure;
        HttpOnly
      Status:
      - 200 OK
      X-Runtime:
      - '0.036191'
      X-Ua-Compatible:
      - IE=Edge,chrome=1
      Content-Length:
      - '129'
      Connection:
      - keep-alive
    body:
      encoding: US-ASCII
      string: ! '{"results":[{"title":"1","createdAt":"2013-06-04T02:51:03.792Z","updatedAt":"2013-06-04T02:51:03.792Z","objectId":"uiC1OFDuTX"}]}'
    http_version: 
  recorded_at: Tue, 04 Jun 2013 02:51:07 GMT
- request:
    method: post
    uri: https://dCr8xKB4ab0vZYaeokSKMrUffu326y683z7VJdri:tj1nqoPtBN65F0cTUaSih08v9p06kd515DGAoLQB@api.parse.com/1/batch
    body:
      encoding: UTF-8
      string: ! '{"requests":[{"method":"DELETE","path":"/1/classes/Post/uiC1OFDuTX"}]}'
    headers:
      Accept:
      - ! '*/*; q=0.5, application/xml'
      Accept-Encoding:
      - gzip, deflate
      Content-Type:
      - application/json
      Content-Length:
      - '70'
      User-Agent:
      - Ruby
  response:
    status:
      code: 200
      message: OK
    headers:
      Cache-Control:
      - max-age=0, private, must-revalidate
      Content-Type:
      - application/json; charset=utf-8
      Date:
      - Tue, 04 Jun 2013 02:51:07 GMT
      Etag:
      - ! '"6abe125b20486fefa07552105cea58f3"'
      Server:
      - nginx/1.2.2
      Set-Cookie:
      - _parse_session=BAh7BkkiD3Nlc3Npb25faWQGOgZFRiIlODY1ZDg3YjQxZTJiYTlmMTFjZTc1ZTAwZWY5M2Y4NGE%3D--f2be034faf94a58c4dcd469ac01fb754c4c7980a;
        domain=.parse.com; path=/; expires=Sun, 04-Jun-2023 02:51:07 GMT; secure;
        HttpOnly
      Status:
      - 200 OK
      X-Runtime:
      - '0.038382'
      X-Ua-Compatible:
      - IE=Edge,chrome=1
      Content-Length:
      - '18'
      Connection:
      - keep-alive
    body:
      encoding: US-ASCII
      string: ! '[{"success":true}]'
    http_version: 
  recorded_at: Tue, 04 Jun 2013 02:51:08 GMT
- request:
    method: post
    uri: https://dCr8xKB4ab0vZYaeokSKMrUffu326y683z7VJdri:tj1nqoPtBN65F0cTUaSih08v9p06kd515DGAoLQB@api.parse.com/1/batch
    body:
      encoding: UTF-8
      string: ! '{"requests":[{"method":"POST","path":"/1/classes/Post","body":{"title":"post"}},{"method":"POST","path":"/1/classes/Post","body":{"title":"post"}},{"method":"POST","path":"/1/classes/Post","body":{"title":"post"}},{"method":"POST","path":"/1/classes/Post","body":{"title":"post"}},{"method":"POST","path":"/1/classes/Post","body":{"title":"post"}},{"method":"POST","path":"/1/classes/Post","body":{"title":"post"}},{"method":"POST","path":"/1/classes/Post","body":{"title":"post"}},{"method":"POST","path":"/1/classes/Post","body":{"title":"post"}},{"method":"POST","path":"/1/classes/Post","body":{"title":"post"}},{"method":"POST","path":"/1/classes/Post","body":{"title":"post"}},{"method":"POST","path":"/1/classes/Post","body":{"title":"post"}},{"method":"POST","path":"/1/classes/Post","body":{"title":"post"}},{"method":"POST","path":"/1/classes/Post","body":{"title":"post"}},{"method":"POST","path":"/1/classes/Post","body":{"title":"post"}},{"method":"POST","path":"/1/classes/Post","body":{"title":"post"}},{"method":"POST","path":"/1/classes/Post","body":{"title":"post"}},{"method":"POST","path":"/1/classes/Post","body":{"title":"post"}},{"method":"POST","path":"/1/classes/Post","body":{"title":"post"}},{"method":"POST","path":"/1/classes/Post","body":{"title":"post"}},{"method":"POST","path":"/1/classes/Post","body":{"title":"post"}}]}'
    headers:
      Accept:
      - ! '*/*; q=0.5, application/xml'
      Accept-Encoding:
      - gzip, deflate
      Content-Type:
      - application/json
      Content-Length:
      - '1354'
      User-Agent:
      - Ruby
  response:
    status:
      code: 200
      message: OK
    headers:
      Cache-Control:
      - max-age=0, private, must-revalidate
      Content-Type:
      - application/json; charset=utf-8
      Date:
      - Tue, 04 Jun 2013 02:51:08 GMT
      Etag:
      - ! '"f55ab54ec86ca1087464ad32f39d8951"'
      Server:
      - nginx/1.2.2
      Set-Cookie:
      - _parse_session=BAh7BkkiD3Nlc3Npb25faWQGOgZFRiIlYjU2ZTg2NGVhYjdiYzJiYzdmMDU2YmY5Zjg5NzMyYjQ%3D--41a26a75bd4749fe3ac074a0f8bf79b065b9d51f;
        domain=.parse.com; path=/; expires=Sun, 04-Jun-2023 02:51:08 GMT; secure;
        HttpOnly
      Status:
      - 200 OK
      X-Runtime:
      - '0.324509'
      X-Ua-Compatible:
      - IE=Edge,chrome=1
      Content-Length:
      - '1541'
      Connection:
      - keep-alive
    body:
      encoding: US-ASCII
      string: ! '[{"success":{"createdAt":"2013-06-04T02:51:08.104Z","objectId":"fK9c3eWNlf"}},{"success":{"createdAt":"2013-06-04T02:51:08.115Z","objectId":"d5NtDVrRiu"}},{"success":{"createdAt":"2013-06-04T02:51:08.142Z","objectId":"QMgDxD1uIQ"}},{"success":{"createdAt":"2013-06-04T02:51:08.150Z","objectId":"V6Eq2Sr8w0"}},{"success":{"createdAt":"2013-06-04T02:51:08.157Z","objectId":"P7zO8C2GJd"}},{"success":{"createdAt":"2013-06-04T02:51:08.165Z","objectId":"5mnSSFPGy6"}},{"success":{"createdAt":"2013-06-04T02:51:08.172Z","objectId":"mqsUnSm3Vz"}},{"success":{"createdAt":"2013-06-04T02:51:08.179Z","objectId":"rWfo1oZK6q"}},{"success":{"createdAt":"2013-06-04T02:51:08.187Z","objectId":"fVur9eZEMI"}},{"success":{"createdAt":"2013-06-04T02:51:08.194Z","objectId":"hiAsQLK63p"}},{"success":{"createdAt":"2013-06-04T02:51:08.203Z","objectId":"qXM5q6qGfp"}},{"success":{"createdAt":"2013-06-04T02:51:08.221Z","objectId":"1SW2zoE6ZD"}},{"success":{"createdAt":"2013-06-04T02:51:08.229Z","objectId":"5VALmUfzAX"}},{"success":{"createdAt":"2013-06-04T02:51:08.236Z","objectId":"Nx6FT8llcj"}},{"success":{"createdAt":"2013-06-04T02:51:08.244Z","objectId":"bVfWJdvB3P"}},{"success":{"createdAt":"2013-06-04T02:51:08.251Z","objectId":"6Rf6X8P7MO"}},{"success":{"createdAt":"2013-06-04T02:51:08.259Z","objectId":"xuCeCs9Gfe"}},{"success":{"createdAt":"2013-06-04T02:51:08.266Z","objectId":"20rRPtoBl0"}},{"success":{"createdAt":"2013-06-04T02:51:08.306Z","objectId":"dGCy8x3oSl"}},{"success":{"createdAt":"2013-06-04T02:51:08.377Z","objectId":"TfQdCiDjeO"}}]'
    http_version: 
  recorded_at: Tue, 04 Jun 2013 02:51:09 GMT
- request:
    method: post
    uri: https://dCr8xKB4ab0vZYaeokSKMrUffu326y683z7VJdri:tj1nqoPtBN65F0cTUaSih08v9p06kd515DGAoLQB@api.parse.com/1/batch
    body:
      encoding: UTF-8
      string: ! '{"requests":[{"method":"POST","path":"/1/classes/Post","body":{"title":"post"}},{"method":"POST","path":"/1/classes/Post","body":{"title":"post"}},{"method":"POST","path":"/1/classes/Post","body":{"title":"post"}},{"method":"POST","path":"/1/classes/Post","body":{"title":"post"}},{"method":"POST","path":"/1/classes/Post","body":{"title":"post"}}]}'
    headers:
      Accept:
      - ! '*/*; q=0.5, application/xml'
      Accept-Encoding:
      - gzip, deflate
      Content-Type:
      - application/json
      Content-Length:
      - '349'
      User-Agent:
      - Ruby
  response:
    status:
      code: 200
      message: OK
    headers:
      Cache-Control:
      - max-age=0, private, must-revalidate
      Content-Type:
      - application/json; charset=utf-8
      Date:
      - Tue, 04 Jun 2013 02:51:09 GMT
      Etag:
      - ! '"2812a9dce6824e39c63a4c6195ab8f80"'
      Server:
      - nginx/1.2.2
      Set-Cookie:
      - _parse_session=BAh7BkkiD3Nlc3Npb25faWQGOgZFRiIlNGExYzIxZTliMjIwYjIxODIxODQ3YjZmODBkN2I5MTY%3D--c4d8c1b181a5bdb244bd973c62034ce6b36e5c9f;
        domain=.parse.com; path=/; expires=Sun, 04-Jun-2023 02:51:09 GMT; secure;
        HttpOnly
      Status:
      - 200 OK
      X-Runtime:
      - '0.192916'
      X-Ua-Compatible:
      - IE=Edge,chrome=1
      Content-Length:
      - '386'
      Connection:
      - keep-alive
    body:
      encoding: US-ASCII
      string: ! '[{"success":{"createdAt":"2013-06-04T02:51:08.916Z","objectId":"aIcGzhn1QJ"}},{"success":{"createdAt":"2013-06-04T02:51:08.975Z","objectId":"sXfPgTDrCM"}},{"success":{"createdAt":"2013-06-04T02:51:08.997Z","objectId":"x3xqW0P1Gd"}},{"success":{"createdAt":"2013-06-04T02:51:09.016Z","objectId":"H4WNRqTuSO"}},{"success":{"createdAt":"2013-06-04T02:51:09.036Z","objectId":"AjNQbAYFCb"}}]'
    http_version: 
  recorded_at: Tue, 04 Jun 2013 02:51:09 GMT
- request:
    method: get
    uri: https://dCr8xKB4ab0vZYaeokSKMrUffu326y683z7VJdri:tj1nqoPtBN65F0cTUaSih08v9p06kd515DGAoLQB@api.parse.com/1/classes/Post?count=1&where=%7B%7D
    body:
      encoding: US-ASCII
      string: ''
    headers:
      Accept:
      - ! '*/*; q=0.5, application/xml'
      Accept-Encoding:
      - gzip, deflate
      User-Agent:
      - Ruby
  response:
    status:
      code: 200
      message: OK
    headers:
      Cache-Control:
      - max-age=0, private, must-revalidate
      Content-Type:
      - application/json; charset=utf-8
      Date:
      - Tue, 04 Jun 2013 02:51:09 GMT
      Etag:
      - ! '"3866d6edfa72db67feffa352e0166872"'
      Server:
      - nginx/1.2.2
      Set-Cookie:
      - _parse_session=BAh7BkkiD3Nlc3Npb25faWQGOgZFRiIlMWYwMzI4ZDdjZGU1NTdhN2QzYWI5OTdhYjU2ZmNhNWQ%3D--6a44440a6baf1ddd34f523f8cf23aee541226ffa;
        domain=.parse.com; path=/; expires=Sun, 04-Jun-2023 02:51:09 GMT; secure;
        HttpOnly
      Status:
      - 200 OK
      X-Runtime:
      - '0.040567'
      X-Ua-Compatible:
      - IE=Edge,chrome=1
      Content-Length:
      - '2999'
      Connection:
      - keep-alive
    body:
      encoding: US-ASCII
      string: ! '{"results":[{"title":"post","createdAt":"2013-06-04T02:51:08.104Z","updatedAt":"2013-06-04T02:51:08.104Z","objectId":"fK9c3eWNlf"},{"title":"post","createdAt":"2013-06-04T02:51:08.115Z","updatedAt":"2013-06-04T02:51:08.115Z","objectId":"d5NtDVrRiu"},{"title":"post","createdAt":"2013-06-04T02:51:08.142Z","updatedAt":"2013-06-04T02:51:08.142Z","objectId":"QMgDxD1uIQ"},{"title":"post","createdAt":"2013-06-04T02:51:08.150Z","updatedAt":"2013-06-04T02:51:08.150Z","objectId":"V6Eq2Sr8w0"},{"title":"post","createdAt":"2013-06-04T02:51:08.157Z","updatedAt":"2013-06-04T02:51:08.157Z","objectId":"P7zO8C2GJd"},{"title":"post","createdAt":"2013-06-04T02:51:08.165Z","updatedAt":"2013-06-04T02:51:08.165Z","objectId":"5mnSSFPGy6"},{"title":"post","createdAt":"2013-06-04T02:51:08.172Z","updatedAt":"2013-06-04T02:51:08.172Z","objectId":"mqsUnSm3Vz"},{"title":"post","createdAt":"2013-06-04T02:51:08.179Z","updatedAt":"2013-06-04T02:51:08.179Z","objectId":"rWfo1oZK6q"},{"title":"post","createdAt":"2013-06-04T02:51:08.187Z","updatedAt":"2013-06-04T02:51:08.187Z","objectId":"fVur9eZEMI"},{"title":"post","createdAt":"2013-06-04T02:51:08.194Z","updatedAt":"2013-06-04T02:51:08.194Z","objectId":"hiAsQLK63p"},{"title":"post","createdAt":"2013-06-04T02:51:08.203Z","updatedAt":"2013-06-04T02:51:08.203Z","objectId":"qXM5q6qGfp"},{"title":"post","createdAt":"2013-06-04T02:51:08.221Z","updatedAt":"2013-06-04T02:51:08.221Z","objectId":"1SW2zoE6ZD"},{"title":"post","createdAt":"2013-06-04T02:51:08.229Z","updatedAt":"2013-06-04T02:51:08.229Z","objectId":"5VALmUfzAX"},{"title":"post","createdAt":"2013-06-04T02:51:08.236Z","updatedAt":"2013-06-04T02:51:08.236Z","objectId":"Nx6FT8llcj"},{"title":"post","createdAt":"2013-06-04T02:51:08.244Z","updatedAt":"2013-06-04T02:51:08.244Z","objectId":"bVfWJdvB3P"},{"title":"post","createdAt":"2013-06-04T02:51:08.251Z","updatedAt":"2013-06-04T02:51:08.251Z","objectId":"6Rf6X8P7MO"},{"title":"post","createdAt":"2013-06-04T02:51:08.259Z","updatedAt":"2013-06-04T02:51:08.259Z","objectId":"xuCeCs9Gfe"},{"title":"post","createdAt":"2013-06-04T02:51:08.266Z","updatedAt":"2013-06-04T02:51:08.266Z","objectId":"20rRPtoBl0"},{"title":"post","createdAt":"2013-06-04T02:51:08.306Z","updatedAt":"2013-06-04T02:51:08.306Z","objectId":"dGCy8x3oSl"},{"title":"post","createdAt":"2013-06-04T02:51:08.377Z","updatedAt":"2013-06-04T02:51:08.377Z","objectId":"TfQdCiDjeO"},{"title":"post","createdAt":"2013-06-04T02:51:08.916Z","updatedAt":"2013-06-04T02:51:08.916Z","objectId":"aIcGzhn1QJ"},{"title":"post","createdAt":"2013-06-04T02:51:08.975Z","updatedAt":"2013-06-04T02:51:08.975Z","objectId":"sXfPgTDrCM"},{"title":"post","createdAt":"2013-06-04T02:51:08.997Z","updatedAt":"2013-06-04T02:51:08.997Z","objectId":"x3xqW0P1Gd"},{"title":"post","createdAt":"2013-06-04T02:51:09.016Z","updatedAt":"2013-06-04T02:51:09.016Z","objectId":"H4WNRqTuSO"},{"title":"post","createdAt":"2013-06-04T02:51:09.036Z","updatedAt":"2013-06-04T02:51:09.036Z","objectId":"AjNQbAYFCb"}],"count":25}'
    http_version: 
  recorded_at: Tue, 04 Jun 2013 02:51:10 GMT
- request:
    method: get
    uri: https://dCr8xKB4ab0vZYaeokSKMrUffu326y683z7VJdri:tj1nqoPtBN65F0cTUaSih08v9p06kd515DGAoLQB@api.parse.com/1/classes/Post?limit=5&skip=0&where=%7B%22title%22:%22post%22%7D
    body:
      encoding: US-ASCII
      string: ''
    headers:
      Accept:
      - ! '*/*; q=0.5, application/xml'
      Accept-Encoding:
      - gzip, deflate
      User-Agent:
      - Ruby
  response:
    status:
      code: 200
      message: OK
    headers:
      Cache-Control:
      - max-age=0, private, must-revalidate
      Content-Type:
      - application/json; charset=utf-8
      Date:
      - Tue, 04 Jun 2013 02:51:09 GMT
      Etag:
      - ! '"2de9a7aef620d6b97b10f4c54a4c1bfb"'
      Server:
      - nginx/1.2.2
      Set-Cookie:
      - _parse_session=BAh7BkkiD3Nlc3Npb25faWQGOgZFRiIlOWNjZTRkMjNkNjhmZTMzMjk5YzRkZmE1ZGQ3Zjg3NzU%3D--fcf3ced1df3f39fb630544f97d501d346270b0bf;
        domain=.parse.com; path=/; expires=Sun, 04-Jun-2023 02:51:09 GMT; secure;
        HttpOnly
      Status:
      - 200 OK
      X-Runtime:
      - '0.052758'
      X-Ua-Compatible:
      - IE=Edge,chrome=1
      Content-Length:
      - '608'
      Connection:
      - keep-alive
    body:
      encoding: US-ASCII
      string: ! '{"results":[{"title":"post","createdAt":"2013-06-04T02:51:08.997Z","updatedAt":"2013-06-04T02:51:08.997Z","objectId":"x3xqW0P1Gd"},{"title":"post","createdAt":"2013-06-04T02:51:09.016Z","updatedAt":"2013-06-04T02:51:09.016Z","objectId":"H4WNRqTuSO"},{"title":"post","createdAt":"2013-06-04T02:51:09.036Z","updatedAt":"2013-06-04T02:51:09.036Z","objectId":"AjNQbAYFCb"},{"title":"post","createdAt":"2013-06-04T02:51:08.975Z","updatedAt":"2013-06-04T02:51:08.975Z","objectId":"sXfPgTDrCM"},{"title":"post","createdAt":"2013-06-04T02:51:08.916Z","updatedAt":"2013-06-04T02:51:08.916Z","objectId":"aIcGzhn1QJ"}]}'
    http_version: 
  recorded_at: Tue, 04 Jun 2013 02:51:10 GMT
- request:
    method: get
    uri: https://dCr8xKB4ab0vZYaeokSKMrUffu326y683z7VJdri:tj1nqoPtBN65F0cTUaSih08v9p06kd515DGAoLQB@api.parse.com/1/classes/Post?limit=5&skip=5&where=%7B%22title%22:%22post%22%7D
    body:
      encoding: US-ASCII
      string: ''
    headers:
      Accept:
      - ! '*/*; q=0.5, application/xml'
      Accept-Encoding:
      - gzip, deflate
      User-Agent:
      - Ruby
  response:
    status:
      code: 200
      message: OK
    headers:
      Cache-Control:
      - max-age=0, private, must-revalidate
      Content-Type:
      - application/json; charset=utf-8
      Date:
      - Tue, 04 Jun 2013 02:51:10 GMT
      Etag:
      - ! '"6a2fc0be03483ed09106d1f36da74cb2"'
      Server:
      - nginx/1.2.2
      Set-Cookie:
      - _parse_session=BAh7BkkiD3Nlc3Npb25faWQGOgZFRiIlM2E5Y2Y1OTI5MTBjNzI3NTQ2ODI1ZTNhNzlhMDcxZmM%3D--086efe8ba747fe63518603504b23d7ec0893e7f4;
        domain=.parse.com; path=/; expires=Sun, 04-Jun-2023 02:51:10 GMT; secure;
        HttpOnly
      Status:
      - 200 OK
      X-Runtime:
      - '0.242468'
      X-Ua-Compatible:
      - IE=Edge,chrome=1
      Content-Length:
      - '608'
      Connection:
      - keep-alive
    body:
      encoding: US-ASCII
      string: ! '{"results":[{"title":"post","createdAt":"2013-06-04T02:51:08.377Z","updatedAt":"2013-06-04T02:51:08.377Z","objectId":"TfQdCiDjeO"},{"title":"post","createdAt":"2013-06-04T02:51:08.306Z","updatedAt":"2013-06-04T02:51:08.306Z","objectId":"dGCy8x3oSl"},{"title":"post","createdAt":"2013-06-04T02:51:08.266Z","updatedAt":"2013-06-04T02:51:08.266Z","objectId":"20rRPtoBl0"},{"title":"post","createdAt":"2013-06-04T02:51:08.229Z","updatedAt":"2013-06-04T02:51:08.229Z","objectId":"5VALmUfzAX"},{"title":"post","createdAt":"2013-06-04T02:51:08.221Z","updatedAt":"2013-06-04T02:51:08.221Z","objectId":"1SW2zoE6ZD"}]}'
    http_version: 
  recorded_at: Tue, 04 Jun 2013 02:51:11 GMT
- request:
    method: get
    uri: https://dCr8xKB4ab0vZYaeokSKMrUffu326y683z7VJdri:tj1nqoPtBN65F0cTUaSih08v9p06kd515DGAoLQB@api.parse.com/1/classes/Post?limit=5&skip=10&where=%7B%22title%22:%22post%22%7D
    body:
      encoding: US-ASCII
      string: ''
    headers:
      Accept:
      - ! '*/*; q=0.5, application/xml'
      Accept-Encoding:
      - gzip, deflate
      User-Agent:
      - Ruby
  response:
    status:
      code: 200
      message: OK
    headers:
      Cache-Control:
      - max-age=0, private, must-revalidate
      Content-Type:
      - application/json; charset=utf-8
      Date:
      - Tue, 04 Jun 2013 02:51:10 GMT
      Etag:
      - ! '"ae301b131ce3c334bf468d74c5b00b76"'
      Server:
      - nginx/1.2.2
      Set-Cookie:
      - _parse_session=BAh7BkkiD3Nlc3Npb25faWQGOgZFRiIlMjU5NDJjMDIzM2YxNDgzNTRjYTI3NDcyN2ZjNGQzODE%3D--6aac53c03d1ed81b4a42fd7a81f7e16c25901f4b;
        domain=.parse.com; path=/; expires=Sun, 04-Jun-2023 02:51:10 GMT; secure;
        HttpOnly
      Status:
      - 200 OK
      X-Runtime:
      - '0.059772'
      X-Ua-Compatible:
      - IE=Edge,chrome=1
      Content-Length:
      - '608'
      Connection:
      - keep-alive
    body:
      encoding: US-ASCII
      string: ! '{"results":[{"title":"post","createdAt":"2013-06-04T02:51:08.251Z","updatedAt":"2013-06-04T02:51:08.251Z","objectId":"6Rf6X8P7MO"},{"title":"post","createdAt":"2013-06-04T02:51:08.259Z","updatedAt":"2013-06-04T02:51:08.259Z","objectId":"xuCeCs9Gfe"},{"title":"post","createdAt":"2013-06-04T02:51:08.236Z","updatedAt":"2013-06-04T02:51:08.236Z","objectId":"Nx6FT8llcj"},{"title":"post","createdAt":"2013-06-04T02:51:08.244Z","updatedAt":"2013-06-04T02:51:08.244Z","objectId":"bVfWJdvB3P"},{"title":"post","createdAt":"2013-06-04T02:51:08.203Z","updatedAt":"2013-06-04T02:51:08.203Z","objectId":"qXM5q6qGfp"}]}'
    http_version: 
  recorded_at: Tue, 04 Jun 2013 02:51:11 GMT
- request:
    method: get
    uri: https://dCr8xKB4ab0vZYaeokSKMrUffu326y683z7VJdri:tj1nqoPtBN65F0cTUaSih08v9p06kd515DGAoLQB@api.parse.com/1/classes/Post?limit=5&skip=15&where=%7B%22title%22:%22post%22%7D
    body:
      encoding: US-ASCII
      string: ''
    headers:
      Accept:
      - ! '*/*; q=0.5, application/xml'
      Accept-Encoding:
      - gzip, deflate
      User-Agent:
      - Ruby
  response:
    status:
      code: 200
      message: OK
    headers:
      Cache-Control:
      - max-age=0, private, must-revalidate
      Content-Type:
      - application/json; charset=utf-8
      Date:
      - Tue, 04 Jun 2013 02:51:11 GMT
      Etag:
      - ! '"396f1fa3a825df1f6cd42329bc8adb2c"'
      Server:
      - nginx/1.2.2
      Set-Cookie:
      - _parse_session=BAh7BkkiD3Nlc3Npb25faWQGOgZFRiIlYTZhMDFkNGZlNTIxNDkxNzFlMmIxNjYxZjdiYzIzMDM%3D--3196dbd4dce53286b2d26b69725cb195a04bff80;
        domain=.parse.com; path=/; expires=Sun, 04-Jun-2023 02:51:11 GMT; secure;
        HttpOnly
      Status:
      - 200 OK
      X-Runtime:
      - '0.085793'
      X-Ua-Compatible:
      - IE=Edge,chrome=1
      Content-Length:
      - '608'
      Connection:
      - keep-alive
    body:
      encoding: US-ASCII
      string: ! '{"results":[{"title":"post","createdAt":"2013-06-04T02:51:08.194Z","updatedAt":"2013-06-04T02:51:08.194Z","objectId":"hiAsQLK63p"},{"title":"post","createdAt":"2013-06-04T02:51:08.187Z","updatedAt":"2013-06-04T02:51:08.187Z","objectId":"fVur9eZEMI"},{"title":"post","createdAt":"2013-06-04T02:51:08.179Z","updatedAt":"2013-06-04T02:51:08.179Z","objectId":"rWfo1oZK6q"},{"title":"post","createdAt":"2013-06-04T02:51:08.172Z","updatedAt":"2013-06-04T02:51:08.172Z","objectId":"mqsUnSm3Vz"},{"title":"post","createdAt":"2013-06-04T02:51:08.165Z","updatedAt":"2013-06-04T02:51:08.165Z","objectId":"5mnSSFPGy6"}]}'
    http_version: 
  recorded_at: Tue, 04 Jun 2013 02:51:12 GMT
- request:
    method: get
    uri: https://dCr8xKB4ab0vZYaeokSKMrUffu326y683z7VJdri:tj1nqoPtBN65F0cTUaSih08v9p06kd515DGAoLQB@api.parse.com/1/classes/Post?limit=5&skip=20&where=%7B%22title%22:%22post%22%7D
    body:
      encoding: US-ASCII
      string: ''
    headers:
      Accept:
      - ! '*/*; q=0.5, application/xml'
      Accept-Encoding:
      - gzip, deflate
      User-Agent:
      - Ruby
  response:
    status:
      code: 200
      message: OK
    headers:
      Cache-Control:
      - max-age=0, private, must-revalidate
      Content-Type:
      - application/json; charset=utf-8
      Date:
      - Tue, 04 Jun 2013 02:51:11 GMT
      Etag:
      - ! '"6a6a36fcefdf52c958c63471573e3a4b"'
      Server:
      - nginx/1.2.2
      Set-Cookie:
      - _parse_session=BAh7BkkiD3Nlc3Npb25faWQGOgZFRiIlYjBlMDI0ODc3ZDFkYTBmZWI3MTcxZjU5ZGFlNzg0YmQ%3D--9fe9a1fdc9cd998a4175831487ccac953e4db945;
        domain=.parse.com; path=/; expires=Sun, 04-Jun-2023 02:51:11 GMT; secure;
        HttpOnly
      Status:
      - 200 OK
      X-Runtime:
      - '0.040579'
      X-Ua-Compatible:
      - IE=Edge,chrome=1
      Content-Length:
      - '608'
      Connection:
      - keep-alive
    body:
      encoding: US-ASCII
      string: ! '{"results":[{"title":"post","createdAt":"2013-06-04T02:51:08.157Z","updatedAt":"2013-06-04T02:51:08.157Z","objectId":"P7zO8C2GJd"},{"title":"post","createdAt":"2013-06-04T02:51:08.150Z","updatedAt":"2013-06-04T02:51:08.150Z","objectId":"V6Eq2Sr8w0"},{"title":"post","createdAt":"2013-06-04T02:51:08.142Z","updatedAt":"2013-06-04T02:51:08.142Z","objectId":"QMgDxD1uIQ"},{"title":"post","createdAt":"2013-06-04T02:51:08.104Z","updatedAt":"2013-06-04T02:51:08.104Z","objectId":"fK9c3eWNlf"},{"title":"post","createdAt":"2013-06-04T02:51:08.115Z","updatedAt":"2013-06-04T02:51:08.115Z","objectId":"d5NtDVrRiu"}]}'
    http_version: 
  recorded_at: Tue, 04 Jun 2013 02:51:12 GMT
- request:
    method: get
    uri: https://dCr8xKB4ab0vZYaeokSKMrUffu326y683z7VJdri:tj1nqoPtBN65F0cTUaSih08v9p06kd515DGAoLQB@api.parse.com/1/classes/Post?limit=5&skip=25&where=%7B%22title%22:%22post%22%7D
    body:
      encoding: US-ASCII
      string: ''
    headers:
      Accept:
      - ! '*/*; q=0.5, application/xml'
      Accept-Encoding:
      - gzip, deflate
      User-Agent:
      - Ruby
  response:
    status:
      code: 200
      message: OK
    headers:
      Cache-Control:
      - max-age=0, private, must-revalidate
      Content-Type:
      - application/json; charset=utf-8
      Date:
      - Tue, 04 Jun 2013 02:51:12 GMT
      Etag:
      - ! '"e2412c1ffbfb6b53a82a9daf665b2c1a"'
      Server:
      - nginx/1.2.2
      Set-Cookie:
      - _parse_session=BAh7BkkiD3Nlc3Npb25faWQGOgZFRiIlZjM5Yzg3Y2JhZmY1ZDJhMjJjOGM4MjZhNzE4MWIzM2Q%3D--430cc66a4f50138574d005dd836237f2d24f6d05;
        domain=.parse.com; path=/; expires=Sun, 04-Jun-2023 02:51:12 GMT; secure;
        HttpOnly
      Status:
      - 200 OK
      X-Runtime:
      - '0.032432'
      X-Ua-Compatible:
      - IE=Edge,chrome=1
      Content-Length:
      - '14'
      Connection:
      - keep-alive
    body:
      encoding: US-ASCII
      string: ! '{"results":[]}'
    http_version: 
  recorded_at: Tue, 04 Jun 2013 02:51:13 GMT
- request:
    method: post
    uri: https://dCr8xKB4ab0vZYaeokSKMrUffu326y683z7VJdri:tj1nqoPtBN65F0cTUaSih08v9p06kd515DGAoLQB@api.parse.com/1/batch
    body:
      encoding: UTF-8
      string: ! '{"requests":[{"method":"DELETE","path":"/1/classes/Post/fK9c3eWNlf"},{"method":"DELETE","path":"/1/classes/Post/d5NtDVrRiu"},{"method":"DELETE","path":"/1/classes/Post/QMgDxD1uIQ"},{"method":"DELETE","path":"/1/classes/Post/V6Eq2Sr8w0"},{"method":"DELETE","path":"/1/classes/Post/P7zO8C2GJd"},{"method":"DELETE","path":"/1/classes/Post/5mnSSFPGy6"},{"method":"DELETE","path":"/1/classes/Post/mqsUnSm3Vz"},{"method":"DELETE","path":"/1/classes/Post/rWfo1oZK6q"},{"method":"DELETE","path":"/1/classes/Post/fVur9eZEMI"},{"method":"DELETE","path":"/1/classes/Post/hiAsQLK63p"},{"method":"DELETE","path":"/1/classes/Post/qXM5q6qGfp"},{"method":"DELETE","path":"/1/classes/Post/1SW2zoE6ZD"},{"method":"DELETE","path":"/1/classes/Post/5VALmUfzAX"},{"method":"DELETE","path":"/1/classes/Post/Nx6FT8llcj"},{"method":"DELETE","path":"/1/classes/Post/bVfWJdvB3P"},{"method":"DELETE","path":"/1/classes/Post/6Rf6X8P7MO"},{"method":"DELETE","path":"/1/classes/Post/xuCeCs9Gfe"},{"method":"DELETE","path":"/1/classes/Post/20rRPtoBl0"},{"method":"DELETE","path":"/1/classes/Post/dGCy8x3oSl"},{"method":"DELETE","path":"/1/classes/Post/TfQdCiDjeO"}]}'
    headers:
      Accept:
      - ! '*/*; q=0.5, application/xml'
      Accept-Encoding:
      - gzip, deflate
      Content-Type:
      - application/json
      Content-Length:
      - '1134'
      User-Agent:
      - Ruby
  response:
    status:
      code: 200
      message: OK
    headers:
      Cache-Control:
      - max-age=0, private, must-revalidate
      Content-Type:
      - application/json; charset=utf-8
      Date:
      - Tue, 04 Jun 2013 02:51:12 GMT
      Etag:
      - ! '"73aba4ccb55fd6e8329ceadbad2bbc4a"'
      Server:
      - nginx/1.2.2
      Set-Cookie:
      - _parse_session=BAh7BkkiD3Nlc3Npb25faWQGOgZFRiIlMmM3YmQ5ZmEyNmZmMmUzMmFhNDI0YzdiZGViZTkyYWI%3D--9890957ceff0aa95b3617877ae22287ed5f6bb50;
        domain=.parse.com; path=/; expires=Sun, 04-Jun-2023 02:51:12 GMT; secure;
        HttpOnly
      Status:
      - 200 OK
      X-Runtime:
      - '0.169571'
      X-Ua-Compatible:
      - IE=Edge,chrome=1
      Content-Length:
      - '341'
      Connection:
      - keep-alive
    body:
      encoding: US-ASCII
      string: ! '[{"success":true},{"success":true},{"success":true},{"success":true},{"success":true},{"success":true},{"success":true},{"success":true},{"success":true},{"success":true},{"success":true},{"success":true},{"success":true},{"success":true},{"success":true},{"success":true},{"success":true},{"success":true},{"success":true},{"success":true}]'
    http_version: 
  recorded_at: Tue, 04 Jun 2013 02:51:13 GMT
- request:
    method: post
    uri: https://dCr8xKB4ab0vZYaeokSKMrUffu326y683z7VJdri:tj1nqoPtBN65F0cTUaSih08v9p06kd515DGAoLQB@api.parse.com/1/batch
    body:
      encoding: UTF-8
      string: ! '{"requests":[{"method":"DELETE","path":"/1/classes/Post/aIcGzhn1QJ"},{"method":"DELETE","path":"/1/classes/Post/sXfPgTDrCM"},{"method":"DELETE","path":"/1/classes/Post/x3xqW0P1Gd"},{"method":"DELETE","path":"/1/classes/Post/H4WNRqTuSO"},{"method":"DELETE","path":"/1/classes/Post/AjNQbAYFCb"}]}'
    headers:
      Accept:
      - ! '*/*; q=0.5, application/xml'
      Accept-Encoding:
      - gzip, deflate
      Content-Type:
      - application/json
      Content-Length:
      - '294'
      User-Agent:
      - Ruby
  response:
    status:
      code: 200
      message: OK
    headers:
      Cache-Control:
      - max-age=0, private, must-revalidate
      Content-Type:
      - application/json; charset=utf-8
      Date:
      - Tue, 04 Jun 2013 02:51:13 GMT
      Etag:
      - ! '"ce743ce78185012845d9156c3362f264"'
      Server:
      - nginx/1.2.2
      Set-Cookie:
      - _parse_session=BAh7BkkiD3Nlc3Npb25faWQGOgZFRiIlNmZiNDIwN2NmMzA1NjIyM2E2MWY4NTI5NTUzNWQwNzg%3D--c7230bc8bb1a9cefe1330946340743a289d4508d;
        domain=.parse.com; path=/; expires=Sun, 04-Jun-2023 02:51:13 GMT; secure;
        HttpOnly
      Status:
      - 200 OK
      X-Runtime:
      - '0.081573'
      X-Ua-Compatible:
      - IE=Edge,chrome=1
      Content-Length:
      - '86'
      Connection:
      - keep-alive
    body:
      encoding: US-ASCII
      string: ! '[{"success":true},{"success":true},{"success":true},{"success":true},{"success":true}]'
    http_version: 
  recorded_at: Tue, 04 Jun 2013 02:51:14 GMT
- request:
    method: get
    uri: https://dCr8xKB4ab0vZYaeokSKMrUffu326y683z7VJdri:tj1nqoPtBN65F0cTUaSih08v9p06kd515DGAoLQB@api.parse.com/1/classes/Post?count=1&where=%7B%7D
    body:
      encoding: US-ASCII
      string: ''
    headers:
      Accept:
      - ! '*/*; q=0.5, application/xml'
      Accept-Encoding:
      - gzip, deflate
      User-Agent:
      - Ruby
  response:
    status:
      code: 200
      message: OK
    headers:
      Cache-Control:
      - max-age=0, private, must-revalidate
      Content-Type:
      - application/json; charset=utf-8
      Date:
      - Tue, 04 Jun 2013 02:51:13 GMT
      Etag:
      - ! '"8c97ea0119fb2eb809f32e913cb37202"'
      Server:
      - nginx/1.2.2
      Set-Cookie:
      - _parse_session=BAh7BkkiD3Nlc3Npb25faWQGOgZFRiIlNDA5ZTE4MGMwMmYyMDQ4MWJjYzMwZTAyNDIyZjE5MWU%3D--e6d399228963817bf9d42d06e5418301d113a6b4;
        domain=.parse.com; path=/; expires=Sun, 04-Jun-2023 02:51:13 GMT; secure;
        HttpOnly
      Status:
      - 200 OK
      X-Runtime:
      - '0.038852'
      X-Ua-Compatible:
      - IE=Edge,chrome=1
      Content-Length:
      - '24'
      Connection:
      - keep-alive
    body:
      encoding: US-ASCII
      string: ! '{"results":[],"count":0}'
    http_version: 
  recorded_at: Tue, 04 Jun 2013 02:51:14 GMT
recorded_with: VCR 2.4.0
