---
http_interactions:
- request:
    method: get
    uri: https://tIcrV2dwbkT7AqjU8Cn8FZFU60hk5qCnMXlJnJQq:H6xYlZzvwBZHUBjoyrFKXkWZoCVfqrmC3ARXMZjq@api.parse.com/1/classes/Author?where=%7B%7D
    body:
      encoding: US-ASCII
      string: ''
    headers:
      Accept:
      - ! '*/*; q=0.5, application/xml'
      Accept-Encoding:
      - gzip, deflate
      User-Agent:
      - Ruby
  response:
    status:
      code: 200
      message: OK
    headers:
      Cache-Control:
      - max-age=0, private, must-revalidate
      Content-Type:
      - application/json; charset=utf-8
      Date:
      - Wed, 17 Apr 2013 06:26:14 GMT
      Etag:
      - ! '"e2412c1ffbfb6b53a82a9daf665b2c1a"'
      Server:
      - nginx/1.2.2
      Set-Cookie:
      - _parse_session=BAh7BkkiD3Nlc3Npb25faWQGOgZFRiIlMTUwZGY1NjVmNDFjNTg1MTM3OGE0OTg0N2VkOGE5YmE%3D--bca83379609f9c90d8a5d42c00dd8050edd5e171;
        domain=.parse.com; path=/; expires=Mon, 17-Apr-2023 06:26:14 GMT; secure;
        HttpOnly
      Status:
      - 200 OK
      X-Runtime:
      - '0.029141'
      X-Ua-Compatible:
      - IE=Edge,chrome=1
      Content-Length:
      - '14'
      Connection:
      - keep-alive
    body:
      encoding: US-ASCII
      string: ! '{"results":[]}'
    http_version: 
  recorded_at: Wed, 17 Apr 2013 06:26:14 GMT
- request:
    method: post
    uri: https://tIcrV2dwbkT7AqjU8Cn8FZFU60hk5qCnMXlJnJQq:H6xYlZzvwBZHUBjoyrFKXkWZoCVfqrmC3ARXMZjq@api.parse.com/1/classes/Author
    body:
      encoding: UTF-8
      string: ! '{"name":"bar"}'
    headers:
      Accept:
      - ! '*/*; q=0.5, application/xml'
      Accept-Encoding:
      - gzip, deflate
      Content-Type:
      - application/json
      Content-Length:
      - '14'
      User-Agent:
      - Ruby
  response:
    status:
      code: 201
      message: Created
    headers:
      Cache-Control:
      - no-cache
      Content-Type:
      - application/json; charset=utf-8
      Date:
      - Wed, 17 Apr 2013 06:26:15 GMT
      Location:
      - https://api.parse.com/1/classes/Author/p9AMMXkR3U
      Server:
      - nginx/1.2.2
      Set-Cookie:
      - _parse_session=BAh7BkkiD3Nlc3Npb25faWQGOgZFRiIlNGQ3NGE3NjlhYjY4MGY1Y2RkMjI2N2VjNDdhNjhmNzE%3D--ff54ef1da0fedf88ec90abb1bc6355f18a0f0669;
        domain=.parse.com; path=/; expires=Mon, 17-Apr-2023 06:26:15 GMT; secure;
        HttpOnly
      Status:
      - 201 Created
      X-Runtime:
      - '0.036943'
      X-Ua-Compatible:
      - IE=Edge,chrome=1
      Content-Length:
      - '64'
      Connection:
      - keep-alive
    body:
      encoding: US-ASCII
      string: ! '{"createdAt":"2013-04-17T06:26:15.117Z","objectId":"p9AMMXkR3U"}'
    http_version: 
  recorded_at: Wed, 17 Apr 2013 06:26:15 GMT
- request:
    method: post
    uri: https://tIcrV2dwbkT7AqjU8Cn8FZFU60hk5qCnMXlJnJQq:H6xYlZzvwBZHUBjoyrFKXkWZoCVfqrmC3ARXMZjq@api.parse.com/1/classes/Author
    body:
      encoding: UTF-8
      string: ! '{"name":"jab"}'
    headers:
      Accept:
      - ! '*/*; q=0.5, application/xml'
      Accept-Encoding:
      - gzip, deflate
      Content-Type:
      - application/json
      Content-Length:
      - '14'
      User-Agent:
      - Ruby
  response:
    status:
      code: 201
      message: Created
    headers:
      Cache-Control:
      - no-cache
      Content-Type:
      - application/json; charset=utf-8
      Date:
      - Wed, 17 Apr 2013 06:26:15 GMT
      Location:
      - https://api.parse.com/1/classes/Author/TdkyxpR3tO
      Server:
      - nginx/1.2.2
      Set-Cookie:
      - _parse_session=BAh7BkkiD3Nlc3Npb25faWQGOgZFRiIlNmY4ZGFhM2VkMWNjMGQ0ODY1NjBkZTdjNzhiNjhmY2M%3D--93aecd4c25941b08bc733d415d274b42c3a6d636;
        domain=.parse.com; path=/; expires=Mon, 17-Apr-2023 06:26:15 GMT; secure;
        HttpOnly
      Status:
      - 201 Created
      X-Runtime:
      - '0.031841'
      X-Ua-Compatible:
      - IE=Edge,chrome=1
      Content-Length:
      - '64'
      Connection:
      - keep-alive
    body:
      encoding: US-ASCII
      string: ! '{"createdAt":"2013-04-17T06:26:15.662Z","objectId":"TdkyxpR3tO"}'
    http_version: 
  recorded_at: Wed, 17 Apr 2013 06:26:15 GMT
- request:
    method: get
    uri: https://tIcrV2dwbkT7AqjU8Cn8FZFU60hk5qCnMXlJnJQq:H6xYlZzvwBZHUBjoyrFKXkWZoCVfqrmC3ARXMZjq@api.parse.com/1/classes/Author?count=1&where=%7B%7D
    body:
      encoding: US-ASCII
      string: ''
    headers:
      Accept:
      - ! '*/*; q=0.5, application/xml'
      Accept-Encoding:
      - gzip, deflate
      User-Agent:
      - Ruby
  response:
    status:
      code: 200
      message: OK
    headers:
      Cache-Control:
      - max-age=0, private, must-revalidate
      Content-Type:
      - application/json; charset=utf-8
      Date:
      - Wed, 17 Apr 2013 06:26:16 GMT
      Etag:
      - ! '"76ea8b6a10b4fb6ef95d9946ca917537"'
      Server:
      - nginx/1.2.2
      Set-Cookie:
      - _parse_session=BAh7BkkiD3Nlc3Npb25faWQGOgZFRiIlMTRlZDJlNThlYmQwYTg1MTYxNzFiODRlMjk3M2VkY2M%3D--685c6858f0c4617e0768c9ae0ee7b14c0e105549;
        domain=.parse.com; path=/; expires=Mon, 17-Apr-2023 06:26:16 GMT; secure;
        HttpOnly
      Status:
      - 200 OK
      X-Runtime:
      - '0.039497'
      X-Ua-Compatible:
      - IE=Edge,chrome=1
      Content-Length:
      - '257'
      Connection:
      - keep-alive
    body:
      encoding: US-ASCII
      string: ! '{"results":[{"name":"bar","createdAt":"2013-04-17T06:26:15.117Z","updatedAt":"2013-04-17T06:26:15.117Z","objectId":"p9AMMXkR3U"},{"name":"jab","createdAt":"2013-04-17T06:26:15.662Z","updatedAt":"2013-04-17T06:26:15.662Z","objectId":"TdkyxpR3tO"}],"count":2}'
    http_version: 
  recorded_at: Wed, 17 Apr 2013 06:26:16 GMT
- request:
    method: get
    uri: https://tIcrV2dwbkT7AqjU8Cn8FZFU60hk5qCnMXlJnJQq:H6xYlZzvwBZHUBjoyrFKXkWZoCVfqrmC3ARXMZjq@api.parse.com/1/classes/Author?count=1&where=%7B%22name%22:%22jab%22%7D
    body:
      encoding: US-ASCII
      string: ''
    headers:
      Accept:
      - ! '*/*; q=0.5, application/xml'
      Accept-Encoding:
      - gzip, deflate
      User-Agent:
      - Ruby
  response:
    status:
      code: 200
      message: OK
    headers:
      Cache-Control:
      - max-age=0, private, must-revalidate
      Content-Type:
      - application/json; charset=utf-8
      Date:
      - Wed, 17 Apr 2013 06:26:16 GMT
      Etag:
      - ! '"7725a9714f6e56c1752c51f1fd2e6fc4"'
      Server:
      - nginx/1.2.2
      Set-Cookie:
      - _parse_session=BAh7BkkiD3Nlc3Npb25faWQGOgZFRiIlNTY2ZGIzZTdiM2EwYzc2YWE1MGIxNjg1YzlhZDA5MWU%3D--e923522bd55b486527e00ed20aa2fea9d9522d6c;
        domain=.parse.com; path=/; expires=Mon, 17-Apr-2023 06:26:16 GMT; secure;
        HttpOnly
      Status:
      - 200 OK
      X-Runtime:
      - '0.035810'
      X-Ua-Compatible:
      - IE=Edge,chrome=1
      Content-Length:
      - '140'
      Connection:
      - keep-alive
    body:
      encoding: US-ASCII
      string: ! '{"results":[{"name":"jab","createdAt":"2013-04-17T06:26:15.662Z","updatedAt":"2013-04-17T06:26:15.662Z","objectId":"TdkyxpR3tO"}],"count":1}'
    http_version: 
  recorded_at: Wed, 17 Apr 2013 06:26:16 GMT
- request:
    method: delete
    uri: https://tIcrV2dwbkT7AqjU8Cn8FZFU60hk5qCnMXlJnJQq:H6xYlZzvwBZHUBjoyrFKXkWZoCVfqrmC3ARXMZjq@api.parse.com/1/classes/Author/p9AMMXkR3U
    body:
      encoding: US-ASCII
      string: ''
    headers:
      Accept:
      - ! '*/*; q=0.5, application/xml'
      Accept-Encoding:
      - gzip, deflate
      User-Agent:
      - Ruby
  response:
    status:
      code: 200
      message: OK
    headers:
      Cache-Control:
      - max-age=0, private, must-revalidate
      Content-Type:
      - application/json; charset=utf-8
      Date:
      - Wed, 17 Apr 2013 06:26:16 GMT
      Etag:
      - ! '"99914b932bd37a50b983c5e7c90ae93b"'
      Server:
      - nginx/1.2.2
      Set-Cookie:
      - _parse_session=BAh7BkkiD3Nlc3Npb25faWQGOgZFRiIlYTE5MzU0MTQ1ZDJiZDBkYWRhZDJiODc3NjdkZTE3OTQ%3D--a8191a34a5c08011ee2908c95ef8f16364c74e97;
        domain=.parse.com; path=/; expires=Mon, 17-Apr-2023 06:26:16 GMT; secure;
        HttpOnly
      Status:
      - 200 OK
      X-Runtime:
      - '0.029869'
      X-Ua-Compatible:
      - IE=Edge,chrome=1
      Content-Length:
      - '2'
      Connection:
      - keep-alive
    body:
      encoding: US-ASCII
      string: ! '{}'
    http_version: 
  recorded_at: Wed, 17 Apr 2013 06:26:16 GMT
- request:
    method: delete
    uri: https://tIcrV2dwbkT7AqjU8Cn8FZFU60hk5qCnMXlJnJQq:H6xYlZzvwBZHUBjoyrFKXkWZoCVfqrmC3ARXMZjq@api.parse.com/1/classes/Author/TdkyxpR3tO
    body:
      encoding: US-ASCII
      string: ''
    headers:
      Accept:
      - ! '*/*; q=0.5, application/xml'
      Accept-Encoding:
      - gzip, deflate
      User-Agent:
      - Ruby
  response:
    status:
      code: 200
      message: OK
    headers:
      Cache-Control:
      - max-age=0, private, must-revalidate
      Content-Type:
      - application/json; charset=utf-8
      Date:
      - Wed, 17 Apr 2013 06:26:17 GMT
      Etag:
      - ! '"99914b932bd37a50b983c5e7c90ae93b"'
      Server:
      - nginx/1.2.2
      Set-Cookie:
      - _parse_session=BAh7BkkiD3Nlc3Npb25faWQGOgZFRiIlYTRiMmM1OGFjNGZkYWQzYmE5MDRkMzA0NTlmNWY2ZDE%3D--c9a40a79e086e0acd1313ca82d9be297948ccb4a;
        domain=.parse.com; path=/; expires=Mon, 17-Apr-2023 06:26:17 GMT; secure;
        HttpOnly
      Status:
      - 200 OK
      X-Runtime:
      - '0.030058'
      X-Ua-Compatible:
      - IE=Edge,chrome=1
      Content-Length:
      - '2'
      Connection:
      - keep-alive
    body:
      encoding: US-ASCII
      string: ! '{}'
    http_version: 
  recorded_at: Wed, 17 Apr 2013 06:26:17 GMT
- request:
    method: get
    uri: https://tIcrV2dwbkT7AqjU8Cn8FZFU60hk5qCnMXlJnJQq:H6xYlZzvwBZHUBjoyrFKXkWZoCVfqrmC3ARXMZjq@api.parse.com/1/classes/Author?count=1&where=%7B%7D
    body:
      encoding: US-ASCII
      string: ''
    headers:
      Accept:
      - ! '*/*; q=0.5, application/xml'
      Accept-Encoding:
      - gzip, deflate
      User-Agent:
      - Ruby
  response:
    status:
      code: 200
      message: OK
    headers:
      Cache-Control:
      - max-age=0, private, must-revalidate
      Content-Type:
      - application/json; charset=utf-8
      Date:
      - Wed, 17 Apr 2013 06:26:17 GMT
      Etag:
      - ! '"8c97ea0119fb2eb809f32e913cb37202"'
      Server:
      - nginx/1.2.2
      Set-Cookie:
      - _parse_session=BAh7BkkiD3Nlc3Npb25faWQGOgZFRiIlN2VjMDIyNGNhZGRiODllZDg5YzZkYmU2ZmE1ZjZkOTg%3D--91bfcd9a267059ca63f33edd2d1c0a8ff089edf4;
        domain=.parse.com; path=/; expires=Mon, 17-Apr-2023 06:26:17 GMT; secure;
        HttpOnly
      Status:
      - 200 OK
      X-Runtime:
      - '0.031847'
      X-Ua-Compatible:
      - IE=Edge,chrome=1
      Content-Length:
      - '24'
      Connection:
      - keep-alive
    body:
      encoding: US-ASCII
      string: ! '{"results":[],"count":0}'
    http_version: 
  recorded_at: Wed, 17 Apr 2013 06:26:17 GMT
recorded_with: VCR 2.2.4
