---
http_interactions:
- request:
    method: post
    uri: https://dCr8xKB4ab0vZYaeokSKMrUffu326y683z7VJdri:tj1nqoPtBN65F0cTUaSih08v9p06kd515DGAoLQB@api.parse.com/1/classes/Knife
    body:
      encoding: UTF-8
      string: ! '{"is_shiny":"arbitrary"}'
    headers:
      Accept:
      - ! '*/*; q=0.5, application/xml'
      Accept-Encoding:
      - gzip, deflate
      Content-Type:
      - application/json
      Content-Length:
      - '24'
      User-Agent:
      - Ruby
  response:
    status:
      code: 201
      message: Created
    headers:
      Cache-Control:
      - no-cache
      Content-Type:
      - application/json; charset=utf-8
      Date:
      - Tue, 04 Jun 2013 02:51:24 GMT
      Location:
      - https://api.parse.com/1/classes/Knife/XOEysSG08v
      Server:
      - nginx/1.2.2
      Set-Cookie:
      - _parse_session=BAh7BkkiD3Nlc3Npb25faWQGOgZFRiIlMTczOGI5ZDA1NzY1ZGVjMmMwNGRjZGNhYmQ0Y2JlMDc%3D--b43abc059ade21ba56bbc68d2cc7207a6d12cebc;
        domain=.parse.com; path=/; expires=Sun, 04-Jun-2023 02:51:24 GMT; secure;
        HttpOnly
      Status:
      - 201 Created
      X-Runtime:
      - '0.046381'
      X-Ua-Compatible:
      - IE=Edge,chrome=1
      Content-Length:
      - '64'
      Connection:
      - keep-alive
    body:
      encoding: US-ASCII
      string: ! '{"createdAt":"2013-06-04T02:51:24.154Z","objectId":"XOEysSG08v"}'
    http_version: 
  recorded_at: Tue, 04 Jun 2013 02:51:25 GMT
- request:
    method: get
    uri: https://dCr8xKB4ab0vZYaeokSKMrUffu326y683z7VJdri:tj1nqoPtBN65F0cTUaSih08v9p06kd515DGAoLQB@api.parse.com/1/classes/Knife?where=%7B%7D
    body:
      encoding: US-ASCII
      string: ''
    headers:
      Accept:
      - ! '*/*; q=0.5, application/xml'
      Accept-Encoding:
      - gzip, deflate
      User-Agent:
      - Ruby
  response:
    status:
      code: 200
      message: OK
    headers:
      Cache-Control:
      - max-age=0, private, must-revalidate
      Content-Type:
      - application/json; charset=utf-8
      Date:
      - Tue, 04 Jun 2013 02:51:24 GMT
      Etag:
      - ! '"0c5c2eb72c729af4249823abe15c23ed"'
      Server:
      - nginx/1.2.2
      Set-Cookie:
      - _parse_session=BAh7BkkiD3Nlc3Npb25faWQGOgZFRiIlOWRlODQ1NzVmYTg5NWU3ZDkyMGE5Y2NkZmEyM2M0NTM%3D--1b981b592a14e1b180a1cb10b8025ff69f332925;
        domain=.parse.com; path=/; expires=Sun, 04-Jun-2023 02:51:24 GMT; secure;
        HttpOnly
      Status:
      - 200 OK
      X-Runtime:
      - '0.212984'
      X-Ua-Compatible:
      - IE=Edge,chrome=1
      Content-Length:
      - '140'
      Connection:
      - keep-alive
    body:
      encoding: US-ASCII
      string: ! '{"results":[{"is_shiny":"arbitrary","createdAt":"2013-06-04T02:51:24.154Z","updatedAt":"2013-06-04T02:51:24.154Z","objectId":"XOEysSG08v"}]}'
    http_version: 
  recorded_at: Tue, 04 Jun 2013 02:51:25 GMT
- request:
    method: post
    uri: https://dCr8xKB4ab0vZYaeokSKMrUffu326y683z7VJdri:tj1nqoPtBN65F0cTUaSih08v9p06kd515DGAoLQB@api.parse.com/1/batch
    body:
      encoding: UTF-8
      string: ! '{"requests":[{"method":"DELETE","path":"/1/classes/Knife/XOEysSG08v"}]}'
    headers:
      Accept:
      - ! '*/*; q=0.5, application/xml'
      Accept-Encoding:
      - gzip, deflate
      Content-Type:
      - application/json
      Content-Length:
      - '71'
      User-Agent:
      - Ruby
  response:
    status:
      code: 200
      message: OK
    headers:
      Cache-Control:
      - max-age=0, private, must-revalidate
      Content-Type:
      - application/json; charset=utf-8
      Date:
      - Tue, 04 Jun 2013 02:51:25 GMT
      Etag:
      - ! '"6abe125b20486fefa07552105cea58f3"'
      Server:
      - nginx/1.2.2
      Set-Cookie:
      - _parse_session=BAh7BkkiD3Nlc3Npb25faWQGOgZFRiIlZTg0NTdjNGFhYjIyMjZiNGM5OTJkNWQ2YmY0Y2QwNTk%3D--0db6a8044614a30c6fef2975c251846563773981;
        domain=.parse.com; path=/; expires=Sun, 04-Jun-2023 02:51:25 GMT; secure;
        HttpOnly
      Status:
      - 200 OK
      X-Runtime:
      - '0.044198'
      X-Ua-Compatible:
      - IE=Edge,chrome=1
      Content-Length:
      - '18'
      Connection:
      - keep-alive
    body:
      encoding: US-ASCII
      string: ! '[{"success":true}]'
    http_version: 
  recorded_at: Tue, 04 Jun 2013 02:51:26 GMT
- request:
    method: get
    uri: https://dCr8xKB4ab0vZYaeokSKMrUffu326y683z7VJdri:tj1nqoPtBN65F0cTUaSih08v9p06kd515DGAoLQB@api.parse.com/1/classes/Knife?count=1&where=%7B%7D
    body:
      encoding: US-ASCII
      string: ''
    headers:
      Accept:
      - ! '*/*; q=0.5, application/xml'
      Accept-Encoding:
      - gzip, deflate
      User-Agent:
      - Ruby
  response:
    status:
      code: 200
      message: OK
    headers:
      Cache-Control:
      - max-age=0, private, must-revalidate
      Content-Type:
      - application/json; charset=utf-8
      Date:
      - Tue, 04 Jun 2013 02:51:25 GMT
      Etag:
      - ! '"8c97ea0119fb2eb809f32e913cb37202"'
      Server:
      - nginx/1.2.2
      Set-Cookie:
      - _parse_session=BAh7BkkiD3Nlc3Npb25faWQGOgZFRiIlYTkwMTY1YTIzODlmYzYyY2U1YjExYjBmYmQzODU2OGE%3D--85848f2b7b94c9eb9a03bf5c01f0cc3c879cfaf0;
        domain=.parse.com; path=/; expires=Sun, 04-Jun-2023 02:51:25 GMT; secure;
        HttpOnly
      Status:
      - 200 OK
      X-Runtime:
      - '0.053303'
      X-Ua-Compatible:
      - IE=Edge,chrome=1
      Content-Length:
      - '24'
      Connection:
      - keep-alive
    body:
      encoding: US-ASCII
      string: ! '{"results":[],"count":0}'
    http_version: 
  recorded_at: Tue, 04 Jun 2013 02:51:26 GMT
recorded_with: VCR 2.4.0
