---
http_interactions:
- request:
    method: get
    uri: https://tIcrV2dwbkT7AqjU8Cn8FZFU60hk5qCnMXlJnJQq:H6xYlZzvwBZHUBjoyrFKXkWZoCVfqrmC3ARXMZjq@api.parse.com/1/users?where=%7B%7D
    body:
      encoding: US-ASCII
      string: ''
    headers:
      Accept:
      - ! '*/*; q=0.5, application/xml'
      Accept-Encoding:
      - gzip, deflate
      User-Agent:
      - Ruby
  response:
    status:
      code: 200
      message: OK
    headers:
      Cache-Control:
      - max-age=0, private, must-revalidate
      Content-Type:
      - application/json; charset=utf-8
      Date:
      - Sat, 07 Sep 2013 18:25:26 GMT
      Etag:
      - ! '"0a0e364c1a88a70e208ed35e6f9d8168"'
      Server:
      - nginx/1.2.2
      Set-Cookie:
      - _parse_session=BAh7BkkiD3Nlc3Npb25faWQGOgZFRiIlMjAzM2M5ZDRhMGU3NGM0MWE2NDRmMWZlMWM2MTAxZjI%3D--f95fec00986fe11fe6377cd147d5d4163e0541f8;
        domain=.parse.com; path=/; expires=Mon, 07-Oct-2013 18:25:26 GMT; secure;
        HttpOnly
      Status:
      - 200 OK
      X-Runtime:
      - '0.064157'
      X-Ua-Compatible:
      - IE=Edge,chrome=1
      Content-Length:
      - '178'
      Connection:
      - keep-alive
    body:
      encoding: US-ASCII
      string: ! '{"results":[{"username":"alan","createdAt":"2013-09-07T18:23:13.752Z","updatedAt":"2013-09-07T18:23:13.752Z","objectId":"tT0R4HnVaG","sessionToken":"itkx4ury5bbed9kvwjl7v6kys"}]}'
    http_version: 
  recorded_at: Sat, 07 Sep 2013 18:25:26 GMT
- request:
    method: post
    uri: https://tIcrV2dwbkT7AqjU8Cn8FZFU60hk5qCnMXlJnJQq:H6xYlZzvwBZHUBjoyrFKXkWZoCVfqrmC3ARXMZjq@api.parse.com/1/batch
    body:
      encoding: UTF-8
      string: ! '{"requests":[{"method":"DELETE","path":"/1/users/tT0R4HnVaG"}]}'
    headers:
      Accept:
      - ! '*/*; q=0.5, application/xml'
      Accept-Encoding:
      - gzip, deflate
      Content-Type:
      - application/json
      Content-Length:
      - '63'
      User-Agent:
      - Ruby
  response:
    status:
      code: 200
      message: OK
    headers:
      Cache-Control:
      - max-age=0, private, must-revalidate
      Content-Type:
      - application/json; charset=utf-8
      Date:
      - Sat, 07 Sep 2013 18:25:26 GMT
      Etag:
      - ! '"b38ebbfb6e6b2ec1f655cf888e3ed892"'
      Server:
      - nginx/1.2.2
      Set-Cookie:
      - _parse_session=BAh7BkkiD3Nlc3Npb25faWQGOgZFRiIlNjJiM2U3ODg2MWY2Yjk0ZGUxZGZlYmFkYWJlYjNhMTU%3D--bc8168cfad12daf39eca33fb2447cb452052728d;
        domain=.parse.com; path=/; expires=Mon, 07-Oct-2013 18:25:26 GMT; secure;
        HttpOnly
      Status:
      - 200 OK
      X-Runtime:
      - '0.069130'
      X-Ua-Compatible:
      - IE=Edge,chrome=1
      Content-Length:
      - '18'
      Connection:
      - keep-alive
    body:
      encoding: US-ASCII
      string: ! '[{"success":null}]'
    http_version: 
  recorded_at: Sat, 07 Sep 2013 18:25:26 GMT
- request:
    method: get
    uri: https://tIcrV2dwbkT7AqjU8Cn8FZFU60hk5qCnMXlJnJQq:H6xYlZzvwBZHUBjoyrFKXkWZoCVfqrmC3ARXMZjq@api.parse.com/1/roles?where=%7B%7D
    body:
      encoding: US-ASCII
      string: ''
    headers:
      Accept:
      - ! '*/*; q=0.5, application/xml'
      Accept-Encoding:
      - gzip, deflate
      User-Agent:
      - Ruby
  response:
    status:
      code: 200
      message: OK
    headers:
      Cache-Control:
      - max-age=0, private, must-revalidate
      Content-Type:
      - application/json; charset=utf-8
      Date:
      - Sat, 07 Sep 2013 18:25:26 GMT
      Etag:
      - ! '"d3124dc1306789fba99f08c6c7d8f41d"'
      Server:
      - nginx/1.2.2
      Set-Cookie:
      - _parse_session=BAh7BkkiD3Nlc3Npb25faWQGOgZFRiIlOTg2NWJhNzIwM2FiOTcyNTZkOTk4YjQwYjVjYzM1Y2U%3D--d7c8fdbe50d8268f4f40fd2f346388e6d584341a;
        domain=.parse.com; path=/; expires=Mon, 07-Oct-2013 18:25:26 GMT; secure;
        HttpOnly
      Status:
      - 200 OK
      X-Runtime:
      - '0.036108'
      X-Ua-Compatible:
      - IE=Edge,chrome=1
      Content-Length:
      - '269'
      Connection:
      - keep-alive
    body:
      encoding: US-ASCII
      string: ! '{"results":[{"name":"VIP","users":{"__type":"Relation","className":"_User"},"roles":{"__type":"Relation","className":"_Role"},"createdAt":"2013-09-07T18:23:12.479Z","updatedAt":"2013-09-07T18:23:50.976Z","objectId":"1InMjHcn72","ACL":{"*":{"read":true,"write":true}}}]}'
    http_version: 
  recorded_at: Sat, 07 Sep 2013 18:25:26 GMT
- request:
    method: post
    uri: https://tIcrV2dwbkT7AqjU8Cn8FZFU60hk5qCnMXlJnJQq:H6xYlZzvwBZHUBjoyrFKXkWZoCVfqrmC3ARXMZjq@api.parse.com/1/batch
    body:
      encoding: UTF-8
      string: ! '{"requests":[{"method":"DELETE","path":"/1/roles/1InMjHcn72"}]}'
    headers:
      Accept:
      - ! '*/*; q=0.5, application/xml'
      Accept-Encoding:
      - gzip, deflate
      Content-Type:
      - application/json
      Content-Length:
      - '63'
      User-Agent:
      - Ruby
  response:
    status:
      code: 200
      message: OK
    headers:
      Cache-Control:
      - max-age=0, private, must-revalidate
      Content-Type:
      - application/json; charset=utf-8
      Date:
      - Sat, 07 Sep 2013 18:25:27 GMT
      Etag:
      - ! '"b07f5370ab798313e6f6b418826017ed"'
      Server:
      - nginx/1.2.2
      Set-Cookie:
      - _parse_session=BAh7BkkiD3Nlc3Npb25faWQGOgZFRiIlOWMwZDgwMGY1NzVkYWZjMTllY2Q4MWQ4ZjMwNTM3NmM%3D--2c294b8d1b3fbe287748ed3114b450526f122773;
        domain=.parse.com; path=/; expires=Mon, 07-Oct-2013 18:25:27 GMT; secure;
        HttpOnly
      Status:
      - 200 OK
      X-Runtime:
      - '0.086639'
      X-Ua-Compatible:
      - IE=Edge,chrome=1
      Content-Length:
      - '16'
      Connection:
      - keep-alive
    body:
      encoding: US-ASCII
      string: ! '[{"success":[]}]'
    http_version: 
  recorded_at: Sat, 07 Sep 2013 18:25:27 GMT
- request:
    method: post
    uri: https://tIcrV2dwbkT7AqjU8Cn8FZFU60hk5qCnMXlJnJQq:H6xYlZzvwBZHUBjoyrFKXkWZoCVfqrmC3ARXMZjq@api.parse.com/1/roles
    body:
      encoding: UTF-8
      string: ! '{"name":"VIP","ACL":{"*":{"read":true,"write":true}}}'
    headers:
      Accept:
      - ! '*/*; q=0.5, application/xml'
      Accept-Encoding:
      - gzip, deflate
      Content-Type:
      - application/json
      Content-Length:
      - '53'
      User-Agent:
      - Ruby
  response:
    status:
      code: 201
      message: Created
    headers:
      Cache-Control:
      - no-cache
      Content-Type:
      - application/json; charset=utf-8
      Date:
      - Sat, 07 Sep 2013 18:25:27 GMT
      Location:
      - https://api.parse.com/1/roles/sLUTgdyR2k
      Server:
      - nginx/1.2.2
      Set-Cookie:
      - _parse_session=BAh7BkkiD3Nlc3Npb25faWQGOgZFRiIlOTI4MjMyMmRhMzUxNzU4MzBmYmQwOTVlZWEyYWZhYjQ%3D--2a56f56787902897acd65816e3defd25b7c65f4c;
        domain=.parse.com; path=/; expires=Mon, 07-Oct-2013 18:25:27 GMT; secure;
        HttpOnly
      Status:
      - 201 Created
      X-Runtime:
      - '0.054898'
      X-Ua-Compatible:
      - IE=Edge,chrome=1
      Content-Length:
      - '64'
      Connection:
      - keep-alive
    body:
      encoding: US-ASCII
      string: ! '{"createdAt":"2013-09-07T18:25:27.968Z","objectId":"sLUTgdyR2k"}'
    http_version: 
  recorded_at: Sat, 07 Sep 2013 18:25:28 GMT
- request:
    method: get
    uri: https://tIcrV2dwbkT7AqjU8Cn8FZFU60hk5qCnMXlJnJQq:H6xYlZzvwBZHUBjoyrFKXkWZoCVfqrmC3ARXMZjq@api.parse.com/1/roles?limit=1&where=%7B%22objectId%22:%22sLUTgdyR2k%22%7D
    body:
      encoding: US-ASCII
      string: ''
    headers:
      Accept:
      - ! '*/*; q=0.5, application/xml'
      Accept-Encoding:
      - gzip, deflate
      User-Agent:
      - Ruby
  response:
    status:
      code: 200
      message: OK
    headers:
      Cache-Control:
      - max-age=0, private, must-revalidate
      Content-Type:
      - application/json; charset=utf-8
      Date:
      - Sat, 07 Sep 2013 18:25:28 GMT
      Etag:
      - ! '"5aba0cf1999d9316a71b94460f7988ec"'
      Server:
      - nginx/1.2.2
      Set-Cookie:
      - _parse_session=BAh7BkkiD3Nlc3Npb25faWQGOgZFRiIlODZkMGI5OWYwZGNjMGM2ZWZlZTJjNjg3ZDA5ZmEyYTg%3D--0dd2e0625790c25eb3a0cb8f5d1a27ded246083c;
        domain=.parse.com; path=/; expires=Mon, 07-Oct-2013 18:25:28 GMT; secure;
        HttpOnly
      Status:
      - 200 OK
      X-Runtime:
      - '0.074273'
      X-Ua-Compatible:
      - IE=Edge,chrome=1
      Content-Length:
      - '269'
      Connection:
      - keep-alive
    body:
      encoding: US-ASCII
      string: ! '{"results":[{"name":"VIP","users":{"__type":"Relation","className":"_User"},"roles":{"__type":"Relation","className":"_Role"},"createdAt":"2013-09-07T18:25:27.968Z","updatedAt":"2013-09-07T18:25:27.968Z","objectId":"sLUTgdyR2k","ACL":{"*":{"read":true,"write":true}}}]}'
    http_version: 
  recorded_at: Sat, 07 Sep 2013 18:25:28 GMT
- request:
    method: post
    uri: https://tIcrV2dwbkT7AqjU8Cn8FZFU60hk5qCnMXlJnJQq:H6xYlZzvwBZHUBjoyrFKXkWZoCVfqrmC3ARXMZjq@api.parse.com/1/users
    body:
      encoding: UTF-8
      string: ! '{"username":"alan","password":"12345"}'
    headers:
      Accept:
      - ! '*/*; q=0.5, application/xml'
      Accept-Encoding:
      - gzip, deflate
      Content-Type:
      - application/json
      Content-Length:
      - '38'
      User-Agent:
      - Ruby
  response:
    status:
      code: 201
      message: Created
    headers:
      Cache-Control:
      - no-cache
      Content-Type:
      - application/json; charset=utf-8
      Date:
      - Sat, 07 Sep 2013 18:25:28 GMT
      Location:
      - https://api.parse.com/1/users/iKo3nLZirT
      Server:
      - nginx/1.2.2
      Set-Cookie:
      - _parse_session=BAh7BkkiD3Nlc3Npb25faWQGOgZFRiIlODllNmY5NTQxNTE4YmIwNjk4MWI4YjU1YzUxYmVjOWE%3D--cce7a049313f9e38139ca4aa664efb70ecf03c7e;
        domain=.parse.com; path=/; expires=Mon, 07-Oct-2013 18:25:28 GMT; secure;
        HttpOnly
      Status:
      - 201 Created
      X-Runtime:
      - '0.171957'
      X-Ua-Compatible:
      - IE=Edge,chrome=1
      Content-Length:
      - '107'
      Connection:
      - keep-alive
    body:
      encoding: US-ASCII
      string: ! '{"createdAt":"2013-09-07T18:25:28.961Z","objectId":"iKo3nLZirT","sessionToken":"e1w7s9f919n971e8uvcydtlx3"}'
    http_version: 
  recorded_at: Sat, 07 Sep 2013 18:25:28 GMT
- request:
    method: put
    uri: https://tIcrV2dwbkT7AqjU8Cn8FZFU60hk5qCnMXlJnJQq:H6xYlZzvwBZHUBjoyrFKXkWZoCVfqrmC3ARXMZjq@api.parse.com/1/roles/sLUTgdyR2k
    body:
      encoding: UTF-8
      string: ! '{"users":{"__op":"AddRelation","objects":[{"__type":"Pointer","className":"_User","objectId":"iKo3nLZirT"}]}}'
    headers:
      Accept:
      - ! '*/*; q=0.5, application/xml'
      Accept-Encoding:
      - gzip, deflate
      Content-Type:
      - application/json
      Content-Length:
      - '109'
      User-Agent:
      - Ruby
  response:
    status:
      code: 200
      message: OK
    headers:
      Cache-Control:
      - max-age=0, private, must-revalidate
      Content-Type:
      - application/json; charset=utf-8
      Date:
      - Sat, 07 Sep 2013 18:25:29 GMT
      Etag:
      - ! '"94a7d6e25e910a9bf24703d738328829"'
      Server:
      - nginx/1.2.2
      Set-Cookie:
      - _parse_session=BAh7BkkiD3Nlc3Npb25faWQGOgZFRiIlNDAwNTVkNWFjMTFmODM5ZTQ3MzVjODgxZjk1ZjU4ZDM%3D--261287ba23dc15ac87e1d648b2dbfb9ea6bea252;
        domain=.parse.com; path=/; expires=Mon, 07-Oct-2013 18:25:29 GMT; secure;
        HttpOnly
      Status:
      - 200 OK
      X-Runtime:
      - '0.107261'
      X-Ua-Compatible:
      - IE=Edge,chrome=1
      Content-Length:
      - '40'
      Connection:
      - keep-alive
    body:
      encoding: US-ASCII
      string: ! '{"updatedAt":"2013-09-07T18:25:29.458Z"}'
    http_version: 
  recorded_at: Sat, 07 Sep 2013 18:25:29 GMT
- request:
    method: get
    uri: https://tIcrV2dwbkT7AqjU8Cn8FZFU60hk5qCnMXlJnJQq:H6xYlZzvwBZHUBjoyrFKXkWZoCVfqrmC3ARXMZjq@api.parse.com/1/users?where=%7B%22$relatedTo%22:%7B%22object%22:%7B%22__type%22:%22Pointer%22,%22className%22:%22_Role%22,%22objectId%22:%22sLUTgdyR2k%22%7D,%22key%22:%22users%22%7D%7D
    body:
      encoding: US-ASCII
      string: ''
    headers:
      Accept:
      - ! '*/*; q=0.5, application/xml'
      Accept-Encoding:
      - gzip, deflate
      User-Agent:
      - Ruby
  response:
    status:
      code: 200
      message: OK
    headers:
      Cache-Control:
      - max-age=0, private, must-revalidate
      Content-Type:
      - application/json; charset=utf-8
      Date:
      - Sat, 07 Sep 2013 18:25:29 GMT
      Etag:
      - ! '"d27a7f9eb533fa3f1919191eeef0100f"'
      Server:
      - nginx/1.2.2
      Set-Cookie:
      - _parse_session=BAh7BkkiD3Nlc3Npb25faWQGOgZFRiIlMGFkYWVkNzg3ZWEyZTVkOWRjOWJkM2FhYTYwZmU1NWM%3D--79c7b47cbd6066d3da05471c5e61e5dfb446052b;
        domain=.parse.com; path=/; expires=Mon, 07-Oct-2013 18:25:29 GMT; secure;
        HttpOnly
      Status:
      - 200 OK
      X-Runtime:
      - '0.089596'
      X-Ua-Compatible:
      - IE=Edge,chrome=1
      Content-Length:
      - '178'
      Connection:
      - keep-alive
    body:
      encoding: US-ASCII
      string: ! '{"results":[{"username":"alan","createdAt":"2013-09-07T18:25:28.961Z","updatedAt":"2013-09-07T18:25:28.961Z","objectId":"iKo3nLZirT","sessionToken":"e1w7s9f919n971e8uvcydtlx3"}]}'
    http_version: 
  recorded_at: Sat, 07 Sep 2013 18:25:29 GMT
recorded_with: VCR 2.4.0
